writer shard 0 (host noetl-cmdbus-writer-0)
[2m2026-09-13T06:40:40.574182Z[0m [32m INFO[0m [2mnoetl_worker::secrets[0m[2m:[0m bootstrap secret source resolved [3mvar[0m[2m=[0m"NOETL_INTERNAL_API_TOKEN" [3msource[0m[2m=[0m"env"
[2m2026-09-13T06:40:40.592902Z[0m [32m INFO[0m [2mnoetl_worker[0m[2m:[0m Starting NoETL Worker Pool [3mworker_id[0m[2m=[0m2902eeb5-dd15-4bd9-8131-59c4aaf235fe [3mpool_name[0m[2m=[0mcmdbus-writer [3mserver_url[0m[2m=[0mhttp://noetl-server-rust.noetl.svc.cluster.local:8082
[2m2026-09-13T06:40:41.080894Z[0m [32m INFO[0m [2mnoetl_worker::command_bus[0m[2m:[0m EHDB command-bus engine opened (recovered_active_records>0 means an unsealed part was replayed after an unclean exit) [3mshard[0m[2m=[0m0 [3mdir[0m[2m=[0m/data/cmdbus [3mrecovered_active_records[0m[2m=[0m0
[2m2026-09-13T06:40:41.080967Z[0m [32m INFO[0m [2mnoetl_worker::ehdb::eventlog_backend[0m[2m:[0m EHDB age-seal sweep armed (noetl/ehdb#329) [3mlabel[0m[2m=[0mcommand-bus [3mshard[0m[2m=[0m0 [3mseal_max_age_ms[0m[2m=[0m5000 [3msweep_every_ms[0m[2m=[0m1000
[2m2026-09-13T06:40:41.083004Z[0m [32m INFO[0m [2mnoetl_worker::command_bus[0m[2m:[0m EHDB command-bus ingest listener up [3maddr[0m[2m=[0m0.0.0.0:9100 [3mshard[0m[2m=[0m0
[2m2026-09-13T06:40:41.084903Z[0m [32m INFO[0m [2mnoetl_worker::command_bus[0m[2m:[0m EHDB command-bus claim coordinator resumed [3mshard[0m[2m=[0m0 [3mfrom_cursor[0m[2m=[0m4 [3morigin[0m[2m=[0m"persisted"
[2m2026-09-13T06:40:41.085099Z[0m [32m INFO[0m [2mnoetl_worker::command_bus[0m[2m:[0m EHDB command-bus claim coordinator up [3maddr[0m[2m=[0m0.0.0.0:9101 [3mshard[0m[2m=[0m0
[2m2026-09-13T06:40:41.087574Z[0m [32m INFO[0m [2mnoetl_worker::command_bus[0m[2m:[0m EHDB command-bus /metrics lag + resume + integrity + durability-window endpoint up [3maddr[0m[2m=[0m0.0.0.0:9102
[2m2026-09-13T06:40:41.093592Z[0m [32m INFO[0m [2mnoetl_worker::event_bus[0m[2m:[0m EHDB events-feed engine opened (recovered_active_records>0 means an unsealed part was replayed after an unclean exit) [3mshard[0m[2m=[0m0 [3mrecovered_active_records[0m[2m=[0m0
[2m2026-09-13T06:40:41.093684Z[0m [32m INFO[0m [2mnoetl_worker::ehdb::eventlog_backend[0m[2m:[0m EHDB age-seal sweep armed (noetl/ehdb#329) [3mlabel[0m[2m=[0mevents-feed [3mshard[0m[2m=[0m0 [3mseal_max_age_ms[0m[2m=[0m5000 [3msweep_every_ms[0m[2m=[0m1000
[2m2026-09-13T06:40:41.093803Z[0m [32m INFO[0m [2mnoetl_worker::event_bus[0m[2m:[0m EHDB events-feed ingest listener up [3maddr[0m[2m=[0m0.0.0.0:9103 [3mshard[0m[2m=[0m0
[2m2026-09-13T06:40:41.114958Z[0m [32m INFO[0m [2mnoetl_worker::event_bus[0m[2m:[0m EHDB tier service listener up [3maddr[0m[2m=[0m0.0.0.0:9110 [3mshard[0m[2m=[0m0 [3mprotocol[0m[2m=[0m1 [3mstore[0m[2m=[0m/data/eventbus/ehdb-tier
[2m2026-09-13T06:40:41.115305Z[0m [32m INFO[0m [2mnoetl_worker::event_bus[0m[2m:[0m EHDB events-feed group resumed [3mgroup[0m[2m=[0m"noetl_materializer" [3mreport[0m[2m=[0mshard=0 origin=fallback_tail stored_cursor=none tip=0 from_cursor=0 clamped=false replay=false replay_records=0
[2m2026-09-13T06:40:41.115434Z[0m [32m INFO[0m [2mnoetl_worker::event_bus[0m[2m:[0m EHDB events-feed group resumed [3mgroup[0m[2m=[0m"noetl_result_materializer" [3mreport[0m[2m=[0mshard=0 origin=fallback_tail stored_cursor=none tip=0 from_cursor=0 clamped=false replay=false replay_records=0
[2m2026-09-13T06:40:41.115469Z[0m [32m INFO[0m [2mnoetl_worker::event_bus[0m[2m:[0m EHDB events-feed group resumed [3mgroup[0m[2m=[0m"noetl_state_materializer" [3mreport[0m[2m=[0mshard=0 origin=fallback_tail stored_cursor=none tip=0 from_cursor=0 clamped=false replay=false replay_records=0
[2m2026-09-13T06:40:41.115641Z[0m [32m INFO[0m [2mnoetl_worker::event_bus[0m[2m:[0m EHDB events-feed group coordinator up [3maddr[0m[2m=[0m0.0.0.0:9104 [3mshard[0m[2m=[0m0
[2m2026-09-13T06:40:41.115706Z[0m [32m INFO[0m [2mnoetl_worker::event_bus[0m[2m:[0m EHDB events-feed SSE face up [3maddr[0m[2m=[0m0.0.0.0:9105 [3mshard[0m[2m=[0m0
[2m2026-09-13T06:40:41.115798Z[0m [32m INFO[0m [2mnoetl_worker::event_bus[0m[2m:[0m EHDB events-feed WAL fan-out face up [3maddr[0m[2m=[0m0.0.0.0:9108 [3mshard[0m[2m=[0m0
[2m2026-09-13T06:40:41.122126Z[0m [32m INFO[0m [2mnoetl_worker::event_bus[0m[2m:[0m EHDB KV engine opened (recovered_active_records>0 means an unsealed part was replayed after an unclean exit) [3mdir[0m[2m=[0m/data/eventkv [3mrecovered_active_records[0m[2m=[0m0
[2m2026-09-13T06:40:41.122316Z[0m [32m INFO[0m [2mnoetl_worker::event_bus[0m[2m:[0m EHDB KV face up [3maddr[0m[2m=[0m0.0.0.0:9107 [3mdir[0m[2m=[0m/data/eventkv
[2m2026-09-13T06:40:41.122346Z[0m [32m INFO[0m [2mnoetl_worker::event_bus[0m[2m:[0m EHDB events-feed /metrics + durability-window endpoint up [3maddr[0m[2m=[0m0.0.0.0:9106
[2m2026-09-13T06:40:41.122436Z[0m [32m INFO[0m [2mnoetl_worker::worker[0m[2m:[0m worker consuming commands from the EHDB bus [3mclaim_addr[0m[2m=[0m127.0.0.1:9101 [3mfilter[0m[2m=[0mcommands.cmdbus.> [3mpool[0m[2m=[0mcmdbus
[2m2026-09-13T06:40:41.129941Z[0m [32m INFO[0m [2mnoetl_worker::worker[0m[2m:[0m Snowflake generator initialised [3mworker_id[0m[2m=[0m2902eeb5-dd15-4bd9-8131-59c4aaf235fe [3msnowflake_node_id[0m[2m=[0m1013
[2m2026-09-13T06:40:41.130085Z[0m [32m INFO[0m [2mnoetl_worker::worker[0m[2m:[0m Arrow IPC shared-memory cache initialised [3mnode_id[0m[2m=[0mnoetl-cmdbus-writer-0 [3mbudget_bytes[0m[2m=[0m268435456
[2m2026-09-13T06:40:44.498153Z[0m [32m INFO[0m [2mnoetl_worker::worker[0m[2m:[0m Worker registered [3mworker_id[0m[2m=[0m2902eeb5-dd15-4bd9-8131-59c4aaf235fe [3mpool_name[0m[2m=[0mcmdbus-writer [3mhostname[0m[2m=[0mnoetl-cmdbus-writer-0
[2m2026-09-13T06:40:44.500225Z[0m [32m INFO[0m [2mnoetl_worker::metrics_server[0m[2m:[0m Metrics HTTP server listening at http://0.0.0.0:9090/metrics + /healthz + /readyz [3mbind[0m[2m=[0m0.0.0.0:9090
[2m2026-09-13T14:30:14.507357Z[0m [33m WARN[0m [2mnoetl_worker::worker[0m[2m:[0m Heartbeat failed [3merror[0m[2m=[0merror sending request for url (http://noetl-server-rust.noetl.svc.cluster.local:8082/api/worker/pool/heartbeat)
[2m2026-09-13T15:34:30.717259Z[0m [33m WARN[0m [2mnoetl_worker::ehdb::tier_service[0m[2m:[0m EHDB tier service: protocol error; closing connection [3merror[0m[2m=[0mtier-service frame of 1251646 bytes exceeds the 1048576-byte cap
[2m2026-09-13T15:34:31.308143Z[0m [33m WARN[0m [2mnoetl_worker::ehdb::tier_service[0m[2m:[0m EHDB tier service: protocol error; closing connection [3merror[0m[2m=[0mtier-service frame of 1251646 bytes exceeds the 1048576-byte cap
[2m2026-09-13T15:34:32.359065Z[0m [33m WARN[0m [2mnoetl_worker::ehdb::tier_service[0m[2m:[0m EHDB tier service: protocol error; closing connection [3merror[0m[2m=[0mtier-service frame of 1251646 bytes exceeds the 1048576-byte cap
[2m2026-09-13T15:34:34.381467Z[0m [33m WARN[0m [2mnoetl_worker::ehdb::tier_service[0m[2m:[0m EHDB tier service: protocol error; closing connection [3merror[0m[2m=[0mtier-service frame of 1251646 bytes exceeds the 1048576-byte cap
[2m2026-09-13T15:34:38.435625Z[0m [33m WARN[0m [2mnoetl_worker::ehdb::tier_service[0m[2m:[0m EHDB tier service: protocol error; closing connection [3merror[0m[2m=[0mtier-service frame of 1251646 bytes exceeds the 1048576-byte cap
[2m2026-09-13T15:34:46.463927Z[0m [33m WARN[0m [2mnoetl_worker::ehdb::tier_service[0m[2m:[0m EHDB tier service: protocol error; closing connection [3merror[0m[2m=[0mtier-service frame of 1251646 bytes exceeds the 1048576-byte cap
[2m2026-09-13T15:35:02.563533Z[0m [33m WARN[0m [2mnoetl_worker::ehdb::tier_service[0m[2m:[0m EHDB tier service: protocol error; closing connection [3merror[0m[2m=[0mtier-service frame of 1251646 bytes exceeds the 1048576-byte cap
[2m2026-09-13T15:35:34.635583Z[0m [33m WARN[0m [2mnoetl_worker::ehdb::tier_service[0m[2m:[0m EHDB tier service: protocol error; closing connection [3merror[0m[2m=[0mtier-service frame of 1251646 bytes exceeds the 1048576-byte cap
[2m2026-09-13T15:36:05.972485Z[0m [33m WARN[0m [2mnoetl_worker::ehdb::tier_service[0m[2m:[0m EHDB tier service: protocol error; closing connection [3merror[0m[2m=[0mtier-service frame of 1251646 bytes exceeds the 1048576-byte cap
[2m2026-09-13T15:36:06.495817Z[0m [33m WARN[0m [2mnoetl_worker::ehdb::tier_service[0m[2m:[0m EHDB tier service: protocol error; closing connection [3merror[0m[2m=[0mtier-service frame of 1251646 bytes exceeds the 1048576-byte cap
[2m2026-09-13T15:36:07.518146Z[0m [33m WARN[0m [2mnoetl_worker::ehdb::tier_service[0m[2m:[0m EHDB tier service: protocol error; closing connection [3merror[0m[2m=[0mtier-service frame of 1251646 bytes exceeds the 1048576-byte cap
[2m2026-09-13T15:36:09.580610Z[0m [33m WARN[0m [2mnoetl_worker::ehdb::tier_service[0m[2m:[0m EHDB tier service: protocol error; closing connection [3merror[0m[2m=[0mtier-service frame of 1251646 bytes exceeds the 1048576-byte cap
[2m2026-09-13T15:36:13.610486Z[0m [33m WARN[0m [2mnoetl_worker::ehdb::tier_service[0m[2m:[0m EHDB tier service: protocol error; closing connection [3merror[0m[2m=[0mtier-service frame of 1251646 bytes exceeds the 1048576-byte cap
[2m2026-09-13T15:36:21.673890Z[0m [33m WARN[0m [2mnoetl_worker::ehdb::tier_service[0m[2m:[0m EHDB tier service: protocol error; closing connection [3merror[0m[2m=[0mtier-service frame of 1251646 bytes exceeds the 1048576-byte cap
[2m2026-09-13T15:36:37.753059Z[0m [33m WARN[0m [2mnoetl_worker::ehdb::tier_service[0m[2m:[0m EHDB tier service: protocol error; closing connection [3merror[0m[2m=[0mtier-service frame of 1251646 bytes exceeds the 1048576-byte cap
[2m2026-09-13T15:37:09.856594Z[0m [33m WARN[0m [2mnoetl_worker::ehdb::tier_service[0m[2m:[0m EHDB tier service: protocol error; closing connection [3merror[0m[2m=[0mtier-service frame of 1251646 bytes exceeds the 1048576-byte cap
[2m2026-09-13T15:38:05.983959Z[0m [33m WARN[0m [2mnoetl_worker::ehdb::tier_service[0m[2m:[0m EHDB tier service: protocol error; closing connection [3merror[0m[2m=[0mtier-service frame of 1251646 bytes exceeds the 1048576-byte cap
[2m2026-09-13T15:38:06.508759Z[0m [33m WARN[0m [2mnoetl_worker::ehdb::tier_service[0m[2m:[0m EHDB tier service: protocol error; closing connection [3merror[0m[2m=[0mtier-service frame of 1251646 bytes exceeds the 1048576-byte cap
[2m2026-09-13T15:38:07.537090Z[0m [33m WARN[0m [2mnoetl_worker::ehdb::tier_service[0m[2m:[0m EHDB tier service: protocol error; closing connection [3merror[0m[2m=[0mtier-service frame of 1251646 bytes exceeds the 1048576-byte cap
[2m2026-09-13T15:38:09.561830Z[0m [33m WARN[0m [2mnoetl_worker::ehdb::tier_service[0m[2m:[0m EHDB tier service: protocol error; closing connection [3merror[0m[2m=[0mtier-service frame of 1251646 bytes exceeds the 1048576-byte cap
[2m2026-09-13T15:38:13.590481Z[0m [33m WARN[0m [2mnoetl_worker::ehdb::tier_service[0m[2m:[0m EHDB tier service: protocol error; closing connection [3merror[0m[2m=[0mtier-service frame of 1251646 bytes exceeds the 1048576-byte cap
[2m2026-09-13T15:38:21.650845Z[0m [33m WARN[0m [2mnoetl_worker::ehdb::tier_service[0m[2m:[0m EHDB tier service: protocol error; closing connection [3merror[0m[2m=[0mtier-service frame of 1251646 bytes exceeds the 1048576-byte cap
[2m2026-09-13T15:38:37.723165Z[0m [33m WARN[0m [2mnoetl_worker::ehdb::tier_service[0m[2m:[0m EHDB tier service: protocol error; closing connection [3merror[0m[2m=[0mtier-service frame of 1251646 bytes exceeds the 1048576-byte cap
[2m2026-09-13T15:39:09.803455Z[0m [33m WARN[0m [2mnoetl_worker::ehdb::tier_service[0m[2m:[0m EHDB tier service: protocol error; closing connection [3merror[0m[2m=[0mtier-service frame of 1251646 bytes exceeds the 1048576-byte cap
[2m2026-09-13T15:40:06.002241Z[0m [33m WARN[0m [2mnoetl_worker::ehdb::tier_service[0m[2m:[0m EHDB tier service: protocol error; closing connection [3merror[0m[2m=[0mtier-service frame of 1251646 bytes exceeds the 1048576-byte cap
[2m2026-09-13T15:40:06.526054Z[0m [33m WARN[0m [2mnoetl_worker::ehdb::tier_service[0m[2m:[0m EHDB tier service: protocol error; closing connection [3merror[0m[2m=[0mtier-service frame of 1251646 bytes exceeds the 1048576-byte cap
[2m2026-09-13T15:40:07.553570Z[0m [33m WARN[0m [2mnoetl_worker::ehdb::tier_service[0m[2m:[0m EHDB tier service: protocol error; closing connection [3merror[0m[2m=[0mtier-service frame of 1251646 bytes exceeds the 1048576-byte cap
[2m2026-09-13T15:40:09.607924Z[0m [33m WARN[0m [2mnoetl_worker::ehdb::tier_service[0m[2m:[0m EHDB tier service: protocol error; closing connection [3merror[0m[2m=[0mtier-service frame of 1251646 bytes exceeds the 1048576-byte cap
[2m2026-09-13T15:40:13.639888Z[0m [33m WARN[0m [2mnoetl_worker::ehdb::tier_service[0m[2m:[0m EHDB tier service: protocol error; closing connection [3merror[0m[2m=[0mtier-service frame of 1251646 bytes exceeds the 1048576-byte cap
[2m2026-09-13T15:40:21.702764Z[0m [33m WARN[0m [2mnoetl_worker::ehdb::tier_service[0m[2m:[0m EHDB tier service: protocol error; closing connection [3merror[0m[2m=[0mtier-service frame of 1251646 bytes exceeds the 1048576-byte cap
[2m2026-09-13T15:40:37.775741Z[0m [33m WARN[0m [2mnoetl_worker::ehdb::tier_service[0m[2m:[0m EHDB tier service: protocol error; closing connection [3merror[0m[2m=[0mtier-service frame of 1251646 bytes exceeds the 1048576-byte cap
[2m2026-09-13T15:41:09.885987Z[0m [33m WARN[0m [2mnoetl_worker::ehdb::tier_service[0m[2m:[0m EHDB tier service: protocol error; closing connection [3merror[0m[2m=[0mtier-service frame of 1251646 bytes exceeds the 1048576-byte cap
[2m2026-09-13T15:42:05.987721Z[0m [33m WARN[0m [2mnoetl_worker::ehdb::tier_service[0m[2m:[0m EHDB tier service: protocol error; closing connection [3merror[0m[2m=[0mtier-service frame of 1251646 bytes exceeds the 1048576-byte cap
[2m2026-09-13T15:42:06.512264Z[0m [33m WARN[0m [2mnoetl_worker::ehdb::tier_service[0m[2m:[0m EHDB tier service: protocol error; closing connection [3merror[0m[2m=[0mtier-service frame of 1251646 bytes exceeds the 1048576-byte cap
[2m2026-09-13T15:42:07.536549Z[0m [33m WARN[0m [2mnoetl_worker::ehdb::tier_service[0m[2m:[0m EHDB tier service: protocol error; closing connection [3merror[0m[2m=[0mtier-service frame of 1251646 bytes exceeds the 1048576-byte cap
[2m2026-09-13T15:42:09.600422Z[0m [33m WARN[0m [2mnoetl_worker::ehdb::tier_service[0m[2m:[0m EHDB tier service: protocol error; closing connection [3merror[0m[2m=[0mtier-service frame of 1251646 bytes exceeds the 1048576-byte cap
[2m2026-09-13T15:42:13.630634Z[0m [33m WARN[0m [2mnoetl_worker::ehdb::tier_service[0m[2m:[0m EHDB tier service: protocol error; closing connection [3merror[0m[2m=[0mtier-service frame of 1251646 bytes exceeds the 1048576-byte cap
[2m2026-09-13T15:42:21.701695Z[0m [33m WARN[0m [2mnoetl_worker::ehdb::tier_service[0m[2m:[0m EHDB tier service: protocol error; closing connection [3merror[0m[2m=[0mtier-service frame of 1251646 bytes exceeds the 1048576-byte cap
[2m2026-09-13T15:42:37.772430Z[0m [33m WARN[0m [2mnoetl_worker::ehdb::tier_service[0m[2m:[0m EHDB tier service: protocol error; closing connection [3merror[0m[2m=[0mtier-service frame of 1251646 bytes exceeds the 1048576-byte cap
[2m2026-09-13T15:43:09.876547Z[0m [33m WARN[0m [2mnoetl_worker::ehdb::tier_service[0m[2m:[0m EHDB tier service: protocol error; closing connection [3merror[0m[2m=[0mtier-service frame of 1251646 bytes exceeds the 1048576-byte cap
[2m2026-09-13T15:44:05.982612Z[0m [33m WARN[0m [2mnoetl_worker::ehdb::tier_service[0m[2m:[0m EHDB tier service: protocol error; closing connection [3merror[0m[2m=[0mtier-service frame of 1251646 bytes exceeds the 1048576-byte cap
[2m2026-09-13T15:44:06.504814Z[0m [33m WARN[0m [2mnoetl_worker::ehdb::tier_service[0m[2m:[0m EHDB tier service: protocol error; closing connection [3merror[0m[2m=[0mtier-service frame of 1251646 bytes exceeds the 1048576-byte cap
[2m2026-09-13T15:44:07.616859Z[0m [33m WARN[0m [2mnoetl_worker::ehdb::tier_service[0m[2m:[0m EHDB tier service: protocol error; closing connection [3merror[0m[2m=[0mtier-service frame of 1251646 bytes exceeds the 1048576-byte cap
[2m2026-09-13T15:44:09.740627Z[0m [33m WARN[0m [2mnoetl_worker::ehdb::tier_service[0m[2m:[0m EHDB tier service: protocol error; closing connection [3merror[0m[2m=[0mtier-service frame of 1251646 bytes exceeds the 1048576-byte cap
[2m2026-09-13T15:44:13.770396Z[0m [33m WARN[0m [2mnoetl_worker::ehdb::tier_service[0m[2m:[0m EHDB tier service: protocol error; closing connection [3merror[0m[2m=[0mtier-service frame of 1251646 bytes exceeds the 1048576-byte cap
[2m2026-09-13T15:44:21.835187Z[0m [33m WARN[0m [2mnoetl_worker::ehdb::tier_service[0m[2m:[0m EHDB tier service: protocol error; closing connection [3merror[0m[2m=[0mtier-service frame of 1251646 bytes exceeds the 1048576-byte cap
[2m2026-09-13T15:44:37.902424Z[0m [33m WARN[0m [2mnoetl_worker::ehdb::tier_service[0m[2m:[0m EHDB tier service: protocol error; closing connection [3merror[0m[2m=[0mtier-service frame of 1251646 bytes exceeds the 1048576-byte cap
[2m2026-09-13T15:45:09.995665Z[0m [33m WARN[0m [2mnoetl_worker::ehdb::tier_service[0m[2m:[0m EHDB tier service: protocol error; closing connection [3merror[0m[2m=[0mtier-service frame of 1251646 bytes exceeds the 1048576-byte cap
[2m2026-09-13T15:46:05.974628Z[0m [33m WARN[0m [2mnoetl_worker::ehdb::tier_service[0m[2m:[0m EHDB tier service: protocol error; closing connection [3merror[0m[2m=[0mtier-service frame of 1251646 bytes exceeds the 1048576-byte cap
[2m2026-09-13T15:46:06.497973Z[0m [33m WARN[0m [2mnoetl_worker::ehdb::tier_service[0m[2m:[0m EHDB tier service: protocol error; closing connection [3merror[0m[2m=[0mtier-service frame of 1251646 bytes exceeds the 1048576-byte cap
[2m2026-09-13T15:46:07.520929Z[0m [33m WARN[0m [2mnoetl_worker::ehdb::tier_service[0m[2m:[0m EHDB tier service: protocol error; closing connection [3merror[0m[2m=[0mtier-service frame of 1251646 bytes exceeds the 1048576-byte cap
[2m2026-09-13T15:46:09.577487Z[0m [33m WARN[0m [2mnoetl_worker::ehdb::tier_service[0m[2m:[0m EHDB tier service: protocol error; closing connection [3merror[0m[2m=[0mtier-service frame of 1251646 bytes exceeds the 1048576-byte cap
[2m2026-09-13T15:46:13.606296Z[0m [33m WARN[0m [2mnoetl_worker::ehdb::tier_service[0m[2m:[0m EHDB tier service: protocol error; closing connection [3merror[0m[2m=[0mtier-service frame of 1251646 bytes exceeds the 1048576-byte cap
[2m2026-09-13T15:46:21.661171Z[0m [33m WARN[0m [2mnoetl_worker::ehdb::tier_service[0m[2m:[0m EHDB tier service: protocol error; closing connection [3merror[0m[2m=[0mtier-service frame of 1251646 bytes exceeds the 1048576-byte cap
[2m2026-09-13T15:46:37.730509Z[0m [33m WARN[0m [2mnoetl_worker::ehdb::tier_service[0m[2m:[0m EHDB tier service: protocol error; closing connection [3merror[0m[2m=[0mtier-service frame of 1251646 bytes exceeds the 1048576-byte cap
[2m2026-09-13T15:47:09.766958Z[0m [33m WARN[0m [2mnoetl_worker::ehdb::tier_service[0m[2m:[0m EHDB tier service: protocol error; closing connection [3merror[0m[2m=[0mtier-service frame of 1251646 bytes exceeds the 1048576-byte cap
[2m2026-09-13T15:48:06.005057Z[0m [33m WARN[0m [2mnoetl_worker::ehdb::tier_service[0m[2m:[0m EHDB tier service: protocol error; closing connection [3merror[0m[2m=[0mtier-service frame of 1251646 bytes exceeds the 1048576-byte cap
[2m2026-09-13T15:48:06.527011Z[0m [33m WARN[0m [2mnoetl_worker::ehdb::tier_service[0m[2m:[0m EHDB tier service: protocol error; closing connection [3merror[0m[2m=[0mtier-service frame of 1251646 bytes exceeds the 1048576-byte cap
[2m2026-09-13T15:48:07.552359Z[0m [33m WARN[0m [2mnoetl_worker::ehdb::tier_service[0m[2m:[0m EHDB tier service: protocol error; closing connection [3merror[0m[2m=[0mtier-service frame of 1251646 bytes exceeds the 1048576-byte cap
[2m2026-09-13T15:48:09.578759Z[0m [33m WARN[0m [2mnoetl_worker::ehdb::tier_service[0m[2m:[0m EHDB tier service: protocol error; closing connection [3merror[0m[2m=[0mtier-service frame of 1251646 bytes exceeds the 1048576-byte cap
[2m2026-09-13T15:48:13.613483Z[0m [33m WARN[0m [2mnoetl_worker::ehdb::tier_service[0m[2m:[0m EHDB tier service: protocol error; closing connection [3merror[0m[2m=[0mtier-service frame of 1251646 bytes exceeds the 1048576-byte cap
[2m2026-09-13T15:48:21.673851Z[0m [33m WARN[0m [2mnoetl_worker::ehdb::tier_service[0m[2m:[0m EHDB tier service: protocol error; closing connection [3merror[0m[2m=[0mtier-service frame of 1251646 bytes exceeds the 1048576-byte cap
[2m2026-09-13T15:48:37.773332Z[0m [33m WARN[0m [2mnoetl_worker::ehdb::tier_service[0m[2m:[0m EHDB tier service: protocol error; closing connection [3merror[0m[2m=[0mtier-service frame of 1251646 bytes exceeds the 1048576-byte cap
[2m2026-09-13T15:49:09.851098Z[0m [33m WARN[0m [2mnoetl_worker::ehdb::tier_service[0m[2m:[0m EHDB tier service: protocol error; closing connection [3merror[0m[2m=[0mtier-service frame of 1251646 bytes exceeds the 1048576-byte cap
[2m2026-09-13T15:50:05.944593Z[0m [33m WARN[0m [2mnoetl_worker::ehdb::tier_service[0m[2m:[0m EHDB tier service: protocol error; closing connection [3merror[0m[2m=[0mtier-service frame of 1251646 bytes exceeds the 1048576-byte cap
[2m2026-09-13T15:50:06.470765Z[0m [33m WARN[0m [2mnoetl_worker::ehdb::tier_service[0m[2m:[0m EHDB tier service: protocol error; closing connection [3merror[0m[2m=[0mtier-service frame of 1251646 bytes exceeds the 1048576-byte cap
[2m2026-09-13T15:50:07.498705Z[0m [33m WARN[0m [2mnoetl_worker::ehdb::tier_service[0m[2m:[0m EHDB tier service: protocol error; closing connection [3merror[0m[2m=[0mtier-service frame of 1251646 bytes exceeds the 1048576-byte cap
[2m2026-09-13T15:50:09.531440Z[0m [33m WARN[0m [2mnoetl_worker::ehdb::tier_service[0m[2m:[0m EHDB tier service: protocol error; closing connection [3merror[0m[2m=[0mtier-service frame of 1251646 bytes exceeds the 1048576-byte cap
[2m2026-09-13T15:50:13.560555Z[0m [33m WARN[0m [2mnoetl_worker::ehdb::tier_service[0m[2m:[0m EHDB tier service: protocol error; closing connection [3merror[0m[2m=[0mtier-service frame of 1251646 bytes exceeds the 1048576-byte cap
[2m2026-09-13T15:50:21.623611Z[0m [33m WARN[0m [2mnoetl_worker::ehdb::tier_service[0m[2m:[0m EHDB tier service: protocol error; closing connection [3merror[0m[2m=[0mtier-service frame of 1251646 bytes exceeds the 1048576-byte cap
[2m2026-09-13T15:50:37.648556Z[0m [33m WARN[0m [2mnoetl_worker::ehdb::tier_service[0m[2m:[0m EHDB tier service: protocol error; closing connection [3merror[0m[2m=[0mtier-service frame of 1251646 bytes exceeds the 1048576-byte cap
[2m2026-09-13T15:51:09.764797Z[0m [33m WARN[0m [2mnoetl_worker::ehdb::tier_service[0m[2m:[0m EHDB tier service: protocol error; closing connection [3merror[0m[2m=[0mtier-service frame of 1251646 bytes exceeds the 1048576-byte cap
[2m2026-09-13T15:52:05.982340Z[0m [33m WARN[0m [2mnoetl_worker::ehdb::tier_service[0m[2m:[0m EHDB tier service: protocol error; closing connection [3merror[0m[2m=[0mtier-service frame of 1251646 bytes exceeds the 1048576-byte cap
[2m2026-09-13T15:52:06.509305Z[0m [33m WARN[0m [2mnoetl_worker::ehdb::tier_service[0m[2m:[0m EHDB tier service: protocol error; closing connection [3merror[0m[2m=[0mtier-service frame of 1251646 bytes exceeds the 1048576-byte cap
[2m2026-09-13T15:52:07.535598Z[0m [33m WARN[0m [2mnoetl_worker::ehdb::tier_service[0m[2m:[0m EHDB tier service: protocol error; closing connection [3merror[0m[2m=[0mtier-service frame of 1251646 bytes exceeds the 1048576-byte cap
[2m2026-09-13T15:52:09.601852Z[0m [33m WARN[0m [2mnoetl_worker::ehdb::tier_service[0m[2m:[0m EHDB tier service: protocol error; closing connection [3merror[0m[2m=[0mtier-service frame of 1251646 bytes exceeds the 1048576-byte cap
[2m2026-09-13T15:52:13.629564Z[0m [33m WARN[0m [2mnoetl_worker::ehdb::tier_service[0m[2m:[0m EHDB tier service: protocol error; closing connection [3merror[0m[2m=[0mtier-service frame of 1251646 bytes exceeds the 1048576-byte cap
[2m2026-09-13T15:52:21.695351Z[0m [33m WARN[0m [2mnoetl_worker::ehdb::tier_service[0m[2m:[0m EHDB tier service: protocol error; closing connection [3merror[0m[2m=[0mtier-service frame of 1251646 bytes exceeds the 1048576-byte cap
[2m2026-09-13T15:52:37.762776Z[0m [33m WARN[0m [2mnoetl_worker::ehdb::tier_service[0m[2m:[0m EHDB tier service: protocol error; closing connection [3merror[0m[2m=[0mtier-service frame of 1251646 bytes exceeds the 1048576-byte cap
[2m2026-09-13T15:53:09.868767Z[0m [33m WARN[0m [2mnoetl_worker::ehdb::tier_service[0m[2m:[0m EHDB tier service: protocol error; closing connection [3merror[0m[2m=[0mtier-service frame of 1251646 bytes exceeds the 1048576-byte cap
[2m2026-09-13T15:54:06.006796Z[0m [33m WARN[0m [2mnoetl_worker::ehdb::tier_service[0m[2m:[0m EHDB tier service: protocol error; closing connection [3merror[0m[2m=[0mtier-service frame of 1251646 bytes exceeds the 1048576-byte cap
[2m2026-09-13T15:54:06.537613Z[0m [33m WARN[0m [2mnoetl_worker::ehdb::tier_service[0m[2m:[0m EHDB tier service: protocol error; closing connection [3merror[0m[2m=[0mtier-service frame of 1251646 bytes exceeds the 1048576-byte cap
[2m2026-09-13T15:54:07.614209Z[0m [33m WARN[0m [2mnoetl_worker::ehdb::tier_service[0m[2m:[0m EHDB tier service: protocol error; closing connection [3merror[0m[2m=[0mtier-service frame of 1251646 bytes exceeds the 1048576-byte cap
[2m2026-09-13T15:54:09.639199Z[0m [33m WARN[0m [2mnoetl_worker::ehdb::tier_service[0m[2m:[0m EHDB tier service: protocol error; closing connection [3merror[0m[2m=[0mtier-service frame of 1251646 bytes exceeds the 1048576-byte cap
[2m2026-09-13T15:54:13.766971Z[0m [33m WARN[0m [2mnoetl_worker::ehdb::tier_service[0m[2m:[0m EHDB tier service: protocol error; closing connection [3merror[0m[2m=[0mtier-service frame of 1251646 bytes exceeds the 1048576-byte cap
[2m2026-09-13T15:54:21.798032Z[0m [33m WARN[0m [2mnoetl_worker::ehdb::tier_service[0m[2m:[0m EHDB tier service: protocol error; closing connection [3merror[0m[2m=[0mtier-service frame of 1251646 bytes exceeds the 1048576-byte cap
[2m2026-09-13T15:54:37.827950Z[0m [33m WARN[0m [2mnoetl_worker::ehdb::tier_service[0m[2m:[0m EHDB tier service: protocol error; closing connection [3merror[0m[2m=[0mtier-service frame of 1251646 bytes exceeds the 1048576-byte cap
[2m2026-09-13T15:55:09.856652Z[0m [33m WARN[0m [2mnoetl_worker::ehdb::tier_service[0m[2m:[0m EHDB tier service: protocol error; closing connection [3merror[0m[2m=[0mtier-service frame of 1251646 bytes exceeds the 1048576-byte cap
[2m2026-09-13T15:56:05.934258Z[0m [33m WARN[0m [2mnoetl_worker::ehdb::tier_service[0m[2m:[0m EHDB tier service: protocol error; closing connection [3merror[0m[2m=[0mtier-service frame of 1251646 bytes exceeds the 1048576-byte cap
[2m2026-09-13T15:56:06.456135Z[0m [33m WARN[0m [2mnoetl_worker::ehdb::tier_service[0m[2m:[0m EHDB tier service: protocol error; closing connection [3merror[0m[2m=[0mtier-service frame of 1251646 bytes exceeds the 1048576-byte cap
[2m2026-09-13T15:56:07.480593Z[0m [33m WARN[0m [2mnoetl_worker::ehdb::tier_service[0m[2m:[0m EHDB tier service: protocol error; closing connection [3merror[0m[2m=[0mtier-service frame of 1251646 bytes exceeds the 1048576-byte cap
[2m2026-09-13T15:56:09.546580Z[0m [33m WARN[0m [2mnoetl_worker::ehdb::tier_service[0m[2m:[0m EHDB tier service: protocol error; closing connection [3merror[0m[2m=[0mtier-service frame of 1251646 bytes exceeds the 1048576-byte cap
[2m2026-09-13T15:56:13.572321Z[0m [33m WARN[0m [2mnoetl_worker::ehdb::tier_service[0m[2m:[0m EHDB tier service: protocol error; closing connection [3merror[0m[2m=[0mtier-service frame of 1251646 bytes exceeds the 1048576-byte cap
[2m2026-09-13T15:56:21.597226Z[0m [33m WARN[0m [2mnoetl_worker::ehdb::tier_service[0m[2m:[0m EHDB tier service: protocol error; closing connection [3merror[0m[2m=[0mtier-service frame of 1251646 bytes exceeds the 1048576-byte cap
[2m2026-09-13T15:56:37.622309Z[0m [33m WARN[0m [2mnoetl_worker::ehdb::tier_service[0m[2m:[0m EHDB tier service: protocol error; closing connection [3merror[0m[2m=[0mtier-service frame of 1251646 bytes exceeds the 1048576-byte cap
[2m2026-09-13T15:57:09.762627Z[0m [33m WARN[0m [2mnoetl_worker::ehdb::tier_service[0m[2m:[0m EHDB tier service: protocol error; closing connection [3merror[0m[2m=[0mtier-service frame of 1251646 bytes exceeds the 1048576-byte cap
[2m2026-09-13T15:58:05.981529Z[0m [33m WARN[0m [2mnoetl_worker::ehdb::tier_service[0m[2m:[0m EHDB tier service: protocol error; closing connection [3merror[0m[2m=[0mtier-service frame of 1251646 bytes exceeds the 1048576-byte cap
[2m2026-09-13T15:58:06.506085Z[0m [33m WARN[0m [2mnoetl_worker::ehdb::tier_service[0m[2m:[0m EHDB tier service: protocol error; closing connection [3merror[0m[2m=[0mtier-service frame of 1251646 bytes exceeds the 1048576-byte cap
[2m2026-09-13T15:58:07.529193Z[0m [33m WARN[0m [2mnoetl_worker::ehdb::tier_service[0m[2m:[0m EHDB tier service: protocol error; closing connection [3merror[0m[2m=[0mtier-service frame of 1251646 bytes exceeds the 1048576-byte cap
[2m2026-09-13T15:58:09.585211Z[0m [33m WARN[0m [2mnoetl_worker::ehdb::tier_service[0m[2m:[0m EHDB tier service: protocol error; closing connection [3merror[0m[2m=[0mtier-service frame of 1251646 bytes exceeds the 1048576-byte cap
[2m2026-09-13T15:58:13.614338Z[0m [33m WARN[0m [2mnoetl_worker::ehdb::tier_service[0m[2m:[0m EHDB tier service: protocol error; closing connection [3merror[0m[2m=[0mtier-service frame of 1251646 bytes exceeds the 1048576-byte cap
[2m2026-09-13T15:58:21.695030Z[0m [33m WARN[0m [2mnoetl_worker::ehdb::tier_service[0m[2m:[0m EHDB tier service: protocol error; closing connection [3merror[0m[2m=[0mtier-service frame of 1251646 bytes exceeds the 1048576-byte cap
[2m2026-09-13T15:58:37.764649Z[0m [33m WARN[0m [2mnoetl_worker::ehdb::tier_service[0m[2m:[0m EHDB tier service: protocol error; closing connection [3merror[0m[2m=[0mtier-service frame of 1251646 bytes exceeds the 1048576-byte cap
[2m2026-09-13T15:59:09.859619Z[0m [33m WARN[0m [2mnoetl_worker::ehdb::tier_service[0m[2m:[0m EHDB tier service: protocol error; closing connection [3merror[0m[2m=[0mtier-service frame of 1251646 bytes exceeds the 1048576-byte cap
[2m2026-09-13T16:00:06.003932Z[0m [33m WARN[0m [2mnoetl_worker::ehdb::tier_service[0m[2m:[0m EHDB tier service: protocol error; closing connection [3merror[0m[2m=[0mtier-service frame of 1251646 bytes exceeds the 1048576-byte cap
[2m2026-09-13T16:00:06.529758Z[0m [33m WARN[0m [2mnoetl_worker::ehdb::tier_service[0m[2m:[0m EHDB tier service: protocol error; closing connection [3merror[0m[2m=[0mtier-service frame of 1251646 bytes exceeds the 1048576-byte cap
[2m2026-09-13T16:00:07.575878Z[0m [33m WARN[0m [2mnoetl_worker::ehdb::tier_service[0m[2m:[0m EHDB tier service: protocol error; closing connection [3merror[0m[2m=[0mtier-service frame of 1251646 bytes exceeds the 1048576-byte cap
[2m2026-09-13T16:00:09.601660Z[0m [33m WARN[0m [2mnoetl_worker::ehdb::tier_service[0m[2m:[0m EHDB tier service: protocol error; closing connection [3merror[0m[2m=[0mtier-service frame of 1251646 bytes exceeds the 1048576-byte cap
[2m2026-09-13T16:00:13.628433Z[0m [33m WARN[0m [2mnoetl_worker::ehdb::tier_service[0m[2m:[0m EHDB tier service: protocol error; closing connection [3merror[0m[2m=[0mtier-service frame of 1251646 bytes exceeds the 1048576-byte cap
[2m2026-09-13T16:00:21.660087Z[0m [33m WARN[0m [2mnoetl_worker::ehdb::tier_service[0m[2m:[0m EHDB tier service: protocol error; closing connection [3merror[0m[2m=[0mtier-service frame of 1251646 bytes exceeds the 1048576-byte cap
[2m2026-09-13T16:00:37.687482Z[0m [33m WARN[0m [2mnoetl_worker::ehdb::tier_service[0m[2m:[0m EHDB tier service: protocol error; closing connection [3merror[0m[2m=[0mtier-service frame of 1251646 bytes exceeds the 1048576-byte cap
[2m2026-09-13T16:01:09.803333Z[0m [33m WARN[0m [2mnoetl_worker::ehdb::tier_service[0m[2m:[0m EHDB tier service: protocol error; closing connection [3merror[0m[2m=[0mtier-service frame of 1251646 bytes exceeds the 1048576-byte cap
[2m2026-09-13T16:02:05.944645Z[0m [33m WARN[0m [2mnoetl_worker::ehdb::tier_service[0m[2m:[0m EHDB tier service: protocol error; closing connection [3merror[0m[2m=[0mtier-service frame of 1251646 bytes exceeds the 1048576-byte cap
[2m2026-09-13T16:02:06.469759Z[0m [33m WARN[0m [2mnoetl_worker::ehdb::tier_service[0m[2m:[0m EHDB tier service: protocol error; closing connection [3merror[0m[2m=[0mtier-service frame of 1251646 bytes exceeds the 1048576-byte cap
[2m2026-09-13T16:02:07.495548Z[0m [33m WARN[0m [2mnoetl_worker::ehdb::tier_service[0m[2m:[0m EHDB tier service: protocol error; closing connection [3merror[0m[2m=[0mtier-service frame of 1251646 bytes exceeds the 1048576-byte cap
[2m2026-09-13T16:02:09.562411Z[0m [33m WARN[0m [2mnoetl_worker::ehdb::tier_service[0m[2m:[0m EHDB tier service: protocol error; closing connection [3merror[0m[2m=[0mtier-service frame of 1251646 bytes exceeds the 1048576-byte cap
[2m2026-09-13T16:02:13.585025Z[0m [33m WARN[0m [2mnoetl_worker::ehdb::tier_service[0m[2m:[0m EHDB tier service: protocol error; closing connection [3merror[0m[2m=[0mtier-service frame of 1251646 bytes exceeds the 1048576-byte cap
[2m2026-09-13T16:02:21.622471Z[0m [33m WARN[0m [2mnoetl_worker::ehdb::tier_service[0m[2m:[0m EHDB tier service: protocol error; closing connection [3merror[0m[2m=[0mtier-service frame of 1251646 bytes exceeds the 1048576-byte cap
[2m2026-09-13T16:02:37.686465Z[0m [33m WARN[0m [2mnoetl_worker::ehdb::tier_service[0m[2m:[0m EHDB tier service: protocol error; closing connection [3merror[0m[2m=[0mtier-service frame of 1251646 bytes exceeds the 1048576-byte cap
[2m2026-09-13T16:03:09.844760Z[0m [33m WARN[0m [2mnoetl_worker::ehdb::tier_service[0m[2m:[0m EHDB tier service: protocol error; closing connection [3merror[0m[2m=[0mtier-service frame of 1251646 bytes exceeds the 1048576-byte cap
[2m2026-09-13T16:04:05.990180Z[0m [33m WARN[0m [2mnoetl_worker::ehdb::tier_service[0m[2m:[0m EHDB tier service: protocol error; closing connection [3merror[0m[2m=[0mtier-service frame of 1251646 bytes exceeds the 1048576-byte cap
[2m2026-09-13T16:04:06.511824Z[0m [33m WARN[0m [2mnoetl_worker::ehdb::tier_service[0m[2m:[0m EHDB tier service: protocol error; closing connection [3merror[0m[2m=[0mtier-service frame of 1251646 bytes exceeds the 1048576-byte cap
[2m2026-09-13T16:04:07.610704Z[0m [33m WARN[0m [2mnoetl_worker::ehdb::tier_service[0m[2m:[0m EHDB tier service: protocol error; closing connection [3merror[0m[2m=[0mtier-service frame of 1251646 bytes exceeds the 1048576-byte cap
[2m2026-09-13T16:04:09.658743Z[0m [33m WARN[0m [2mnoetl_worker::ehdb::tier_service[0m[2m:[0m EHDB tier service: protocol error; closing connection [3merror[0m[2m=[0mtier-service frame of 1251646 bytes exceeds the 1048576-byte cap
[2m2026-09-13T16:04:13.766891Z[0m [33m WARN[0m [2mnoetl_worker::ehdb::tier_service[0m[2m:[0m EHDB tier service: protocol error; closing connection [3merror[0m[2m=[0mtier-service frame of 1251646 bytes exceeds the 1048576-byte cap
[2m2026-09-13T16:04:21.844989Z[0m [33m WARN[0m [2mnoetl_worker::ehdb::tier_service[0m[2m:[0m EHDB tier service: protocol error; closing connection [3merror[0m[2m=[0mtier-service frame of 1251646 bytes exceeds the 1048576-byte cap
[2m2026-09-13T16:04:37.917671Z[0m [33m WARN[0m [2mnoetl_worker::ehdb::tier_service[0m[2m:[0m EHDB tier service: protocol error; closing connection [3merror[0m[2m=[0mtier-service frame of 1251646 bytes exceeds the 1048576-byte cap
[2m2026-09-13T16:05:09.948567Z[0m [33m WARN[0m [2mnoetl_worker::ehdb::tier_service[0m[2m:[0m EHDB tier service: protocol error; closing connection [3merror[0m[2m=[0mtier-service frame of 1251646 bytes exceeds the 1048576-byte cap
[2m2026-09-13T16:06:05.951171Z[0m [33m WARN[0m [2mnoetl_worker::ehdb::tier_service[0m[2m:[0m EHDB tier service: protocol error; closing connection [3merror[0m[2m=[0mtier-service frame of 1251646 bytes exceeds the 1048576-byte cap
[2m2026-09-13T16:06:06.474945Z[0m [33m WARN[0m [2mnoetl_worker::ehdb::tier_service[0m[2m:[0m EHDB tier service: protocol error; closing connection [3merror[0m[2m=[0mtier-service frame of 1251646 bytes exceeds the 1048576-byte cap
[2m2026-09-13T16:06:07.501109Z[0m [33m WARN[0m [2mnoetl_worker::ehdb::tier_service[0m[2m:[0m EHDB tier service: protocol error; closing connection [3merror[0m[2m=[0mtier-service frame of 1251646 bytes exceeds the 1048576-byte cap
[2m2026-09-13T16:06:09.581069Z[0m [33m WARN[0m [2mnoetl_worker::ehdb::tier_service[0m[2m:[0m EHDB tier service: protocol error; closing connection [3merror[0m[2m=[0mtier-service frame of 1251646 bytes exceeds the 1048576-byte cap
[2m2026-09-13T16:06:13.607993Z[0m [33m WARN[0m [2mnoetl_worker::ehdb::tier_service[0m[2m:[0m EHDB tier service: protocol error; closing connection [3merror[0m[2m=[0mtier-service frame of 1251646 bytes exceeds the 1048576-byte cap
[2m2026-09-13T16:06:21.631870Z[0m [33m WARN[0m [2mnoetl_worker::ehdb::tier_service[0m[2m:[0m EHDB tier service: protocol error; closing connection [3merror[0m[2m=[0mtier-service frame of 1251646 bytes exceeds the 1048576-byte cap
[2m2026-09-13T16:06:37.659088Z[0m [33m WARN[0m [2mnoetl_worker::ehdb::tier_service[0m[2m:[0m EHDB tier service: protocol error; closing connection [3merror[0m[2m=[0mtier-service frame of 1251646 bytes exceeds the 1048576-byte cap
[2m2026-09-13T16:07:09.763179Z[0m [33m WARN[0m [2mnoetl_worker::ehdb::tier_service[0m[2m:[0m EHDB tier service: protocol error; closing connection [3merror[0m[2m=[0mtier-service frame of 1251646 bytes exceeds the 1048576-byte cap
[2m2026-09-13T16:08:05.982889Z[0m [33m WARN[0m [2mnoetl_worker::ehdb::tier_service[0m[2m:[0m EHDB tier service: protocol error; closing connection [3merror[0m[2m=[0mtier-service frame of 1251646 bytes exceeds the 1048576-byte cap
[2m2026-09-13T16:08:06.507279Z[0m [33m WARN[0m [2mnoetl_worker::ehdb::tier_service[0m[2m:[0m EHDB tier service: protocol error; closing connection [3merror[0m[2m=[0mtier-service frame of 1251646 bytes exceeds the 1048576-byte cap
[2m2026-09-13T16:08:07.534097Z[0m [33m WARN[0m [2mnoetl_worker::ehdb::tier_service[0m[2m:[0m EHDB tier service: protocol error; closing connection [3merror[0m[2m=[0mtier-service frame of 1251646 bytes exceeds the 1048576-byte cap
[2m2026-09-13T16:08:09.615967Z[0m [33m WARN[0m [2mnoetl_worker::ehdb::tier_service[0m[2m:[0m EHDB tier service: protocol error; closing connection [3merror[0m[2m=[0mtier-service frame of 1251646 bytes exceeds the 1048576-byte cap
[2m2026-09-13T16:08:13.646820Z[0m [33m WARN[0m [2mnoetl_worker::ehdb::tier_service[0m[2m:[0m EHDB tier service: protocol error; closing connection [3merror[0m[2m=[0mtier-service frame of 1251646 bytes exceeds the 1048576-byte cap
[2m2026-09-13T16:08:21.706155Z[0m [33m WARN[0m [2mnoetl_worker::ehdb::tier_service[0m[2m:[0m EHDB tier service: protocol error; closing connection [3merror[0m[2m=[0mtier-service frame of 1251646 bytes exceeds the 1048576-byte cap
[2m2026-09-13T16:08:37.802628Z[0m [33m WARN[0m [2mnoetl_worker::ehdb::tier_service[0m[2m:[0m EHDB tier service: protocol error; closing connection [3merror[0m[2m=[0mtier-service frame of 1251646 bytes exceeds the 1048576-byte cap
[2m2026-09-13T16:09:09.912055Z[0m [33m WARN[0m [2mnoetl_worker::ehdb::tier_service[0m[2m:[0m EHDB tier service: protocol error; closing connection [3merror[0m[2m=[0mtier-service frame of 1251646 bytes exceeds the 1048576-byte cap
[2m2026-09-13T16:10:05.973760Z[0m [33m WARN[0m [2mnoetl_worker::ehdb::tier_service[0m[2m:[0m EHDB tier service: protocol error; closing connection [3merror[0m[2m=[0mtier-service frame of 1251646 bytes exceeds the 1048576-byte cap
[2m2026-09-13T16:10:06.497212Z[0m [33m WARN[0m [2mnoetl_worker::ehdb::tier_service[0m[2m:[0m EHDB tier service: protocol error; closing connection [3merror[0m[2m=[0mtier-service frame of 1251646 bytes exceeds the 1048576-byte cap
[2m2026-09-13T16:10:07.521339Z[0m [33m WARN[0m [2mnoetl_worker::ehdb::tier_service[0m[2m:[0m EHDB tier service: protocol error; closing connection [3merror[0m[2m=[0mtier-service frame of 1251646 bytes exceeds the 1048576-byte cap
[2m2026-09-13T16:10:09.546963Z[0m [33m WARN[0m [2mnoetl_worker::ehdb::tier_service[0m[2m:[0m EHDB tier service: protocol error; closing connection [3merror[0m[2m=[0mtier-service frame of 1251646 bytes exceeds the 1048576-byte cap
[2m2026-09-13T16:10:13.616621Z[0m [33m WARN[0m [2mnoetl_worker::ehdb::tier_service[0m[2m:[0m EHDB tier service: protocol error; closing connection [3merror[0m[2m=[0mtier-service frame of 1251646 bytes exceeds the 1048576-byte cap
[2m2026-09-13T16:10:21.673338Z[0m [33m WARN[0m [2mnoetl_worker::ehdb::tier_service[0m[2m:[0m EHDB tier service: protocol error; closing connection [3merror[0m[2m=[0mtier-service frame of 1251646 bytes exceeds the 1048576-byte cap
[2m2026-09-13T16:10:37.732436Z[0m [33m WARN[0m [2mnoetl_worker::ehdb::tier_service[0m[2m:[0m EHDB tier service: protocol error; closing connection [3merror[0m[2m=[0mtier-service frame of 1251646 bytes exceeds the 1048576-byte cap
[2m2026-09-13T16:11:09.799964Z[0m [33m WARN[0m [2mnoetl_worker::ehdb::tier_service[0m[2m:[0m EHDB tier service: protocol error; closing connection [3merror[0m[2m=[0mtier-service frame of 1251646 bytes exceeds the 1048576-byte cap
[2m2026-09-13T16:12:05.970812Z[0m [33m WARN[0m [2mnoetl_worker::ehdb::tier_service[0m[2m:[0m EHDB tier service: protocol error; closing connection [3merror[0m[2m=[0mtier-service frame of 1251646 bytes exceeds the 1048576-byte cap
[2m2026-09-13T16:12:06.496742Z[0m [33m WARN[0m [2mnoetl_worker::ehdb::tier_service[0m[2m:[0m EHDB tier service: protocol error; closing connection [3merror[0m[2m=[0mtier-service frame of 1251646 bytes exceeds the 1048576-byte cap
[2m2026-09-13T16:12:07.530591Z[0m [33m WARN[0m [2mnoetl_worker::ehdb::tier_service[0m[2m:[0m EHDB tier service: protocol error; closing connection [3merror[0m[2m=[0mtier-service frame of 1251646 bytes exceeds the 1048576-byte cap
[2m2026-09-13T16:12:09.559547Z[0m [33m WARN[0m [2mnoetl_worker::ehdb::tier_service[0m[2m:[0m EHDB tier service: protocol error; closing connection [3merror[0m[2m=[0mtier-service frame of 1251646 bytes exceeds the 1048576-byte cap
[2m2026-09-13T16:12:13.588243Z[0m [33m WARN[0m [2mnoetl_worker::ehdb::tier_service[0m[2m:[0m EHDB tier service: protocol error; closing connection [3merror[0m[2m=[0mtier-service frame of 1251646 bytes exceeds the 1048576-byte cap
[2m2026-09-13T16:12:21.614925Z[0m [33m WARN[0m [2mnoetl_worker::ehdb::tier_service[0m[2m:[0m EHDB tier service: protocol error; closing connection [3merror[0m[2m=[0mtier-service frame of 1251646 bytes exceeds the 1048576-byte cap
[2m2026-09-13T16:12:37.708358Z[0m [33m WARN[0m [2mnoetl_worker::ehdb::tier_service[0m[2m:[0m EHDB tier service: protocol error; closing connection [3merror[0m[2m=[0mtier-service frame of 1251646 bytes exceeds the 1048576-byte cap
[2m2026-09-13T16:13:09.833098Z[0m [33m WARN[0m [2mnoetl_worker::ehdb::tier_service[0m[2m:[0m EHDB tier service: protocol error; closing connection [3merror[0m[2m=[0mtier-service frame of 1251646 bytes exceeds the 1048576-byte cap
[2m2026-09-13T16:14:06.001605Z[0m [33m WARN[0m [2mnoetl_worker::ehdb::tier_service[0m[2m:[0m EHDB tier service: protocol error; closing connection [3merror[0m[2m=[0mtier-service frame of 1251646 bytes exceeds the 1048576-byte cap
[2m2026-09-13T16:14:06.525620Z[0m [33m WARN[0m [2mnoetl_worker::ehdb::tier_service[0m[2m:[0m EHDB tier service: protocol error; closing connection [3merror[0m[2m=[0mtier-service frame of 1251646 bytes exceeds the 1048576-byte cap
[2m2026-09-13T16:14:07.617016Z[0m [33m WARN[0m [2mnoetl_worker::ehdb::tier_service[0m[2m:[0m EHDB tier service: protocol error; closing connection [3merror[0m[2m=[0mtier-service frame of 1251646 bytes exceeds the 1048576-byte cap
[2m2026-09-13T16:14:09.741274Z[0m [33m WARN[0m [2mnoetl_worker::ehdb::tier_service[0m[2m:[0m EHDB tier service: protocol error; closing connection [3merror[0m[2m=[0mtier-service frame of 1251646 bytes exceeds the 1048576-byte cap
[2m2026-09-13T16:14:13.794053Z[0m [33m WARN[0m [2mnoetl_worker::ehdb::tier_service[0m[2m:[0m EHDB tier service: protocol error; closing connection [3merror[0m[2m=[0mtier-service frame of 1251646 bytes exceeds the 1048576-byte cap
[2m2026-09-13T16:14:21.862258Z[0m [33m WARN[0m [2mnoetl_worker::ehdb::tier_service[0m[2m:[0m EHDB tier service: protocol error; closing connection [3merror[0m[2m=[0mtier-service frame of 1251646 bytes exceeds the 1048576-byte cap
[2m2026-09-13T16:14:37.955299Z[0m [33m WARN[0m [2mnoetl_worker::ehdb::tier_service[0m[2m:[0m EHDB tier service: protocol error; closing connection [3merror[0m[2m=[0mtier-service frame of 1251646 bytes exceeds the 1048576-byte cap
[2m2026-09-13T16:15:09.984341Z[0m [33m WARN[0m [2mnoetl_worker::ehdb::tier_service[0m[2m:[0m EHDB tier service: protocol error; closing connection [3merror[0m[2m=[0mtier-service frame of 1251646 bytes exceeds the 1048576-byte cap
[2m2026-09-13T16:16:05.934741Z[0m [33m WARN[0m [2mnoetl_worker::ehdb::tier_service[0m[2m:[0m EHDB tier service: protocol error; closing connection [3merror[0m[2m=[0mtier-service frame of 1251646 bytes exceeds the 1048576-byte cap
[2m2026-09-13T16:16:06.459990Z[0m [33m WARN[0m [2mnoetl_worker::ehdb::tier_service[0m[2m:[0m EHDB tier service: protocol error; closing connection [3merror[0m[2m=[0mtier-service frame of 1251646 bytes exceeds the 1048576-byte cap
[2m2026-09-13T16:16:07.485881Z[0m [33m WARN[0m [2mnoetl_worker::ehdb::tier_service[0m[2m:[0m EHDB tier service: protocol error; closing connection [3merror[0m[2m=[0mtier-service frame of 1251646 bytes exceeds the 1048576-byte cap
[2m2026-09-13T16:16:09.520057Z[0m [33m WARN[0m [2mnoetl_worker::ehdb::tier_service[0m[2m:[0m EHDB tier service: protocol error; closing connection [3merror[0m[2m=[0mtier-service frame of 1251646 bytes exceeds the 1048576-byte cap
[2m2026-09-13T16:16:13.546827Z[0m [33m WARN[0m [2mnoetl_worker::ehdb::tier_service[0m[2m:[0m EHDB tier service: protocol error; closing connection [3merror[0m[2m=[0mtier-service frame of 1251646 bytes exceeds the 1048576-byte cap
[2m2026-09-13T16:16:21.572589Z[0m [33m WARN[0m [2mnoetl_worker::ehdb::tier_service[0m[2m:[0m EHDB tier service: protocol error; closing connection [3merror[0m[2m=[0mtier-service frame of 1251646 bytes exceeds the 1048576-byte cap
[2m2026-09-13T16:16:37.601360Z[0m [33m WARN[0m [2mnoetl_worker::ehdb::tier_service[0m[2m:[0m EHDB tier service: protocol error; closing connection [3merror[0m[2m=[0mtier-service frame of 1251646 bytes exceeds the 1048576-byte cap
[2m2026-09-13T16:17:09.627330Z[0m [33m WARN[0m [2mnoetl_worker::ehdb::tier_service[0m[2m:[0m EHDB tier service: protocol error; closing connection [3merror[0m[2m=[0mtier-service frame of 1251646 bytes exceeds the 1048576-byte cap
[2m2026-09-13T16:18:05.972645Z[0m [33m WARN[0m [2mnoetl_worker::ehdb::tier_service[0m[2m:[0m EHDB tier service: protocol error; closing connection [3merror[0m[2m=[0mtier-service frame of 1251646 bytes exceeds the 1048576-byte cap
[2m2026-09-13T16:18:06.497070Z[0m [33m WARN[0m [2mnoetl_worker::ehdb::tier_service[0m[2m:[0m EHDB tier service: protocol error; closing connection [3merror[0m[2m=[0mtier-service frame of 1251646 bytes exceeds the 1048576-byte cap
[2m2026-09-13T16:18:07.521106Z[0m [33m WARN[0m [2mnoetl_worker::ehdb::tier_service[0m[2m:[0m EHDB tier service: protocol error; closing connection [3merror[0m[2m=[0mtier-service frame of 1251646 bytes exceeds the 1048576-byte cap
[2m2026-09-13T16:18:09.585359Z[0m [33m WARN[0m [2mnoetl_worker::ehdb::tier_service[0m[2m:[0m EHDB tier service: protocol error; closing connection [3merror[0m[2m=[0mtier-service frame of 1251646 bytes exceeds the 1048576-byte cap
[2m2026-09-13T16:18:13.614241Z[0m [33m WARN[0m [2mnoetl_worker::ehdb::tier_service[0m[2m:[0m EHDB tier service: protocol error; closing connection [3merror[0m[2m=[0mtier-service frame of 1251646 bytes exceeds the 1048576-byte cap
[2m2026-09-13T16:18:21.675513Z[0m [33m WARN[0m [2mnoetl_worker::ehdb::tier_service[0m[2m:[0m EHDB tier service: protocol error; closing connection [3merror[0m[2m=[0mtier-service frame of 1251646 bytes exceeds the 1048576-byte cap
[2m2026-09-13T16:18:37.765767Z[0m [33m WARN[0m [2mnoetl_worker::ehdb::tier_service[0m[2m:[0m EHDB tier service: protocol error; closing connection [3merror[0m[2m=[0mtier-service frame of 1251646 bytes exceeds the 1048576-byte cap
[2m2026-09-13T16:19:09.860326Z[0m [33m WARN[0m [2mnoetl_worker::ehdb::tier_service[0m[2m:[0m EHDB tier service: protocol error; closing connection [3merror[0m[2m=[0mtier-service frame of 1251646 bytes exceeds the 1048576-byte cap
[2m2026-09-13T16:20:05.943435Z[0m [33m WARN[0m [2mnoetl_worker::ehdb::tier_service[0m[2m:[0m EHDB tier service: protocol error; closing connection [3merror[0m[2m=[0mtier-service frame of 1251646 bytes exceeds the 1048576-byte cap
[2m2026-09-13T16:20:06.467909Z[0m [33m WARN[0m [2mnoetl_worker::ehdb::tier_service[0m[2m:[0m EHDB tier service: protocol error; closing connection [3merror[0m[2m=[0mtier-service frame of 1251646 bytes exceeds the 1048576-byte cap
[2m2026-09-13T16:20:07.527968Z[0m [33m WARN[0m [2mnoetl_worker::ehdb::tier_service[0m[2m:[0m EHDB tier service: protocol error; closing connection [3merror[0m[2m=[0mtier-service frame of 1251646 bytes exceeds the 1048576-byte cap
[2m2026-09-13T16:20:09.554931Z[0m [33m WARN[0m [2mnoetl_worker::ehdb::tier_service[0m[2m:[0m EHDB tier service: protocol error; closing connection [3merror[0m[2m=[0mtier-service frame of 1251646 bytes exceeds the 1048576-byte cap
[2m2026-09-13T16:20:13.615467Z[0m [33m WARN[0m [2mnoetl_worker::ehdb::tier_service[0m[2m:[0m EHDB tier service: protocol error; closing connection [3merror[0m[2m=[0mtier-service frame of 1251646 bytes exceeds the 1048576-byte cap
[2m2026-09-13T16:20:21.684628Z[0m [33m WARN[0m [2mnoetl_worker::ehdb::tier_service[0m[2m:[0m EHDB tier service: protocol error; closing connection [3merror[0m[2m=[0mtier-service frame of 1251646 bytes exceeds the 1048576-byte cap
[2m2026-09-13T16:20:37.744748Z[0m [33m WARN[0m [2mnoetl_worker::ehdb::tier_service[0m[2m:[0m EHDB tier service: protocol error; closing connection [3merror[0m[2m=[0mtier-service frame of 1251646 bytes exceeds the 1048576-byte cap
[2m2026-09-13T16:21:09.801498Z[0m [33m WARN[0m [2mnoetl_worker::ehdb::tier_service[0m[2m:[0m EHDB tier service: protocol error; closing connection [3merror[0m[2m=[0mtier-service frame of 1251646 bytes exceeds the 1048576-byte cap
[2m2026-09-13T16:22:05.936679Z[0m [33m WARN[0m [2mnoetl_worker::ehdb::tier_service[0m[2m:[0m EHDB tier service: protocol error; closing connection [3merror[0m[2m=[0mtier-service frame of 1251646 bytes exceeds the 1048576-byte cap
[2m2026-09-13T16:22:06.464362Z[0m [33m WARN[0m [2mnoetl_worker::ehdb::tier_service[0m[2m:[0m EHDB tier service: protocol error; closing connection [3merror[0m[2m=[0mtier-service frame of 1251646 bytes exceeds the 1048576-byte cap
[2m2026-09-13T16:22:07.522074Z[0m [33m WARN[0m [2mnoetl_worker::ehdb::tier_service[0m[2m:[0m EHDB tier service: protocol error; closing connection [3merror[0m[2m=[0mtier-service frame of 1251646 bytes exceeds the 1048576-byte cap
[2m2026-09-13T16:22:09.549273Z[0m [33m WARN[0m [2mnoetl_worker::ehdb::tier_service[0m[2m:[0m EHDB tier service: protocol error; closing connection [3merror[0m[2m=[0mtier-service frame of 1251646 bytes exceeds the 1048576-byte cap
[2m2026-09-13T16:22:13.573451Z[0m [33m WARN[0m [2mnoetl_worker::ehdb::tier_service[0m[2m:[0m EHDB tier service: protocol error; closing connection [3merror[0m[2m=[0mtier-service frame of 1251646 bytes exceeds the 1048576-byte cap
[2m2026-09-13T16:22:21.598499Z[0m [33m WARN[0m [2mnoetl_worker::ehdb::tier_service[0m[2m:[0m EHDB tier service: protocol error; closing connection [3merror[0m[2m=[0mtier-service frame of 1251646 bytes exceeds the 1048576-byte cap
[2m2026-09-13T16:22:37.693472Z[0m [33m WARN[0m [2mnoetl_worker::ehdb::tier_service[0m[2m:[0m EHDB tier service: protocol error; closing connection [3merror[0m[2m=[0mtier-service frame of 1251646 bytes exceeds the 1048576-byte cap
[2m2026-09-13T16:23:09.834845Z[0m [33m WARN[0m [2mnoetl_worker::ehdb::tier_service[0m[2m:[0m EHDB tier service: protocol error; closing connection [3merror[0m[2m=[0mtier-service frame of 1251646 bytes exceeds the 1048576-byte cap
[2m2026-09-13T16:24:06.004526Z[0m [33m WARN[0m [2mnoetl_worker::ehdb::tier_service[0m[2m:[0m EHDB tier service: protocol error; closing connection [3merror[0m[2m=[0mtier-service frame of 1251646 bytes exceeds the 1048576-byte cap
[2m2026-09-13T16:24:06.531858Z[0m [33m WARN[0m [2mnoetl_worker::ehdb::tier_service[0m[2m:[0m EHDB tier service: protocol error; closing connection [3merror[0m[2m=[0mtier-service frame of 1251646 bytes exceeds the 1048576-byte cap
[2m2026-09-13T16:24:07.610585Z[0m [33m WARN[0m [2mnoetl_worker::ehdb::tier_service[0m[2m:[0m EHDB tier service: protocol error; closing connection [3merror[0m[2m=[0mtier-service frame of 1251646 bytes exceeds the 1048576-byte cap
[2m2026-09-13T16:24:09.740744Z[0m [33m WARN[0m [2mnoetl_worker::ehdb::tier_service[0m[2m:[0m EHDB tier service: protocol error; closing connection [3merror[0m[2m=[0mtier-service frame of 1251646 bytes exceeds the 1048576-byte cap
[2m2026-09-13T16:24:13.799317Z[0m [33m WARN[0m [2mnoetl_worker::ehdb::tier_service[0m[2m:[0m EHDB tier service: protocol error; closing connection [3merror[0m[2m=[0mtier-service frame of 1251646 bytes exceeds the 1048576-byte cap
[2m2026-09-13T16:24:21.862221Z[0m [33m WARN[0m [2mnoetl_worker::ehdb::tier_service[0m[2m:[0m EHDB tier service: protocol error; closing connection [3merror[0m[2m=[0mtier-service frame of 1251646 bytes exceeds the 1048576-byte cap
[2m2026-09-13T16:24:37.958534Z[0m [33m WARN[0m [2mnoetl_worker::ehdb::tier_service[0m[2m:[0m EHDB tier service: protocol error; closing connection [3merror[0m[2m=[0mtier-service frame of 1251646 bytes exceeds the 1048576-byte cap
[2m2026-09-13T16:25:09.984814Z[0m [33m WARN[0m [2mnoetl_worker::ehdb::tier_service[0m[2m:[0m EHDB tier service: protocol error; closing connection [3merror[0m[2m=[0mtier-service frame of 1251646 bytes exceeds the 1048576-byte cap
[2m2026-09-13T16:26:05.939151Z[0m [33m WARN[0m [2mnoetl_worker::ehdb::tier_service[0m[2m:[0m EHDB tier service: protocol error; closing connection [3merror[0m[2m=[0mtier-service frame of 1251646 bytes exceeds the 1048576-byte cap
[2m2026-09-13T16:26:06.462595Z[0m [33m WARN[0m [2mnoetl_worker::ehdb::tier_service[0m[2m:[0m EHDB tier service: protocol error; closing connection [3merror[0m[2m=[0mtier-service frame of 1251646 bytes exceeds the 1048576-byte cap
[2m2026-09-13T16:26:07.484628Z[0m [33m WARN[0m [2mnoetl_worker::ehdb::tier_service[0m[2m:[0m EHDB tier service: protocol error; closing connection [3merror[0m[2m=[0mtier-service frame of 1251646 bytes exceeds the 1048576-byte cap
[2m2026-09-13T16:26:09.547237Z[0m [33m WARN[0m [2mnoetl_worker::ehdb::tier_service[0m[2m:[0m EHDB tier service: protocol error; closing connection [3merror[0m[2m=[0mtier-service frame of 1251646 bytes exceeds the 1048576-byte cap
[2m2026-09-13T16:26:13.571927Z[0m [33m WARN[0m [2mnoetl_worker::ehdb::tier_service[0m[2m:[0m EHDB tier service: protocol error; closing connection [3merror[0m[2m=[0mtier-service frame of 1251646 bytes exceeds the 1048576-byte cap
[2m2026-09-13T16:26:21.595922Z[0m [33m WARN[0m [2mnoetl_worker::ehdb::tier_service[0m[2m:[0m EHDB tier service: protocol error; closing connection [3merror[0m[2m=[0mtier-service frame of 1251646 bytes exceeds the 1048576-byte cap
[2m2026-09-13T16:26:37.625441Z[0m [33m WARN[0m [2mnoetl_worker::ehdb::tier_service[0m[2m:[0m EHDB tier service: protocol error; closing connection [3merror[0m[2m=[0mtier-service frame of 1251646 bytes exceeds the 1048576-byte cap
[2m2026-09-13T16:27:09.740657Z[0m [33m WARN[0m [2mnoetl_worker::ehdb::tier_service[0m[2m:[0m EHDB tier service: protocol error; closing connection [3merror[0m[2m=[0mtier-service frame of 1251646 bytes exceeds the 1048576-byte cap
[2m2026-09-13T16:28:05.983656Z[0m [33m WARN[0m [2mnoetl_worker::ehdb::tier_service[0m[2m:[0m EHDB tier service: protocol error; closing connection [3merror[0m[2m=[0mtier-service frame of 1251646 bytes exceeds the 1048576-byte cap
[2m2026-09-13T16:28:06.507065Z[0m [33m WARN[0m [2mnoetl_worker::ehdb::tier_service[0m[2m:[0m EHDB tier service: protocol error; closing connection [3merror[0m[2m=[0mtier-service frame of 1251646 bytes exceeds the 1048576-byte cap
[2m2026-09-13T16:28:07.529812Z[0m [33m WARN[0m [2mnoetl_worker::ehdb::tier_service[0m[2m:[0m EHDB tier service: protocol error; closing connection [3merror[0m[2m=[0mtier-service frame of 1251646 bytes exceeds the 1048576-byte cap
[2m2026-09-13T16:28:09.590441Z[0m [33m WARN[0m [2mnoetl_worker::ehdb::tier_service[0m[2m:[0m EHDB tier service: protocol error; closing connection [3merror[0m[2m=[0mtier-service frame of 1251646 bytes exceeds the 1048576-byte cap
[2m2026-09-13T16:28:13.621254Z[0m [33m WARN[0m [2mnoetl_worker::ehdb::tier_service[0m[2m:[0m EHDB tier service: protocol error; closing connection [3merror[0m[2m=[0mtier-service frame of 1251646 bytes exceeds the 1048576-byte cap
[2m2026-09-13T16:28:21.678412Z[0m [33m WARN[0m [2mnoetl_worker::ehdb::tier_service[0m[2m:[0m EHDB tier service: protocol error; closing connection [3merror[0m[2m=[0mtier-service frame of 1251646 bytes exceeds the 1048576-byte cap
[2m2026-09-13T16:28:37.771997Z[0m [33m WARN[0m [2mnoetl_worker::ehdb::tier_service[0m[2m:[0m EHDB tier service: protocol error; closing connection [3merror[0m[2m=[0mtier-service frame of 1251646 bytes exceeds the 1048576-byte cap
[2m2026-09-13T16:29:09.866451Z[0m [33m WARN[0m [2mnoetl_worker::ehdb::tier_service[0m[2m:[0m EHDB tier service: protocol error; closing connection [3merror[0m[2m=[0mtier-service frame of 1251646 bytes exceeds the 1048576-byte cap
[2m2026-09-13T16:30:05.936639Z[0m [33m WARN[0m [2mnoetl_worker::ehdb::tier_service[0m[2m:[0m EHDB tier service: protocol error; closing connection [3merror[0m[2m=[0mtier-service frame of 1251646 bytes exceeds the 1048576-byte cap
[2m2026-09-13T16:30:06.462564Z[0m [33m WARN[0m [2mnoetl_worker::ehdb::tier_service[0m[2m:[0m EHDB tier service: protocol error; closing connection [3merror[0m[2m=[0mtier-service frame of 1251646 bytes exceeds the 1048576-byte cap
[2m2026-09-13T16:30:07.488799Z[0m [33m WARN[0m [2mnoetl_worker::ehdb::tier_service[0m[2m:[0m EHDB tier service: protocol error; closing connection [3merror[0m[2m=[0mtier-service frame of 1251646 bytes exceeds the 1048576-byte cap
[2m2026-09-13T16:30:09.516048Z[0m [33m WARN[0m [2mnoetl_worker::ehdb::tier_service[0m[2m:[0m EHDB tier service: protocol error; closing connection [3merror[0m[2m=[0mtier-service frame of 1251646 bytes exceeds the 1048576-byte cap
[2m2026-09-13T16:30:13.541345Z[0m [33m WARN[0m [2mnoetl_worker::ehdb::tier_service[0m[2m:[0m EHDB tier service: protocol error; closing connection [3merror[0m[2m=[0mtier-service frame of 1251646 bytes exceeds the 1048576-byte cap
[2m2026-09-13T16:30:21.564461Z[0m [33m WARN[0m [2mnoetl_worker::ehdb::tier_service[0m[2m:[0m EHDB tier service: protocol error; closing connection [3merror[0m[2m=[0mtier-service frame of 1251646 bytes exceeds the 1048576-byte cap
[2m2026-09-13T16:30:37.591583Z[0m [33m WARN[0m [2mnoetl_worker::ehdb::tier_service[0m[2m:[0m EHDB tier service: protocol error; closing connection [3merror[0m[2m=[0mtier-service frame of 1251646 bytes exceeds the 1048576-byte cap
[2m2026-09-13T16:31:09.741245Z[0m [33m WARN[0m [2mnoetl_worker::ehdb::tier_service[0m[2m:[0m EHDB tier service: protocol error; closing connection [3merror[0m[2m=[0mtier-service frame of 1251646 bytes exceeds the 1048576-byte cap
[2m2026-09-13T16:32:05.948837Z[0m [33m WARN[0m [2mnoetl_worker::ehdb::tier_service[0m[2m:[0m EHDB tier service: protocol error; closing connection [3merror[0m[2m=[0mtier-service frame of 1251646 bytes exceeds the 1048576-byte cap
[2m2026-09-13T16:32:06.476092Z[0m [33m WARN[0m [2mnoetl_worker::ehdb::tier_service[0m[2m:[0m EHDB tier service: protocol error; closing connection [3merror[0m[2m=[0mtier-service frame of 1251646 bytes exceeds the 1048576-byte cap
[2m2026-09-13T16:32:07.502671Z[0m [33m WARN[0m [2mnoetl_worker::ehdb::tier_service[0m[2m:[0m EHDB tier service: protocol error; closing connection [3merror[0m[2m=[0mtier-service frame of 1251646 bytes exceeds the 1048576-byte cap
[2m2026-09-13T16:32:09.557726Z[0m [33m WARN[0m [2mnoetl_worker::ehdb::tier_service[0m[2m:[0m EHDB tier service: protocol error; closing connection [3merror[0m[2m=[0mtier-service frame of 1251646 bytes exceeds the 1048576-byte cap
[2m2026-09-13T16:32:13.583476Z[0m [33m WARN[0m [2mnoetl_worker::ehdb::tier_service[0m[2m:[0m EHDB tier service: protocol error; closing connection [3merror[0m[2m=[0mtier-service frame of 1251646 bytes exceeds the 1048576-byte cap
[2m2026-09-13T16:32:21.617496Z[0m [33m WARN[0m [2mnoetl_worker::ehdb::tier_service[0m[2m:[0m EHDB tier service: protocol error; closing connection [3merror[0m[2m=[0mtier-service frame of 1251646 bytes exceeds the 1048576-byte cap
[2m2026-09-13T16:32:37.713652Z[0m [33m WARN[0m [2mnoetl_worker::ehdb::tier_service[0m[2m:[0m EHDB tier service: protocol error; closing connection [3merror[0m[2m=[0mtier-service frame of 1251646 bytes exceeds the 1048576-byte cap
[2m2026-09-13T16:33:09.822676Z[0m [33m WARN[0m [2mnoetl_worker::ehdb::tier_service[0m[2m:[0m EHDB tier service: protocol error; closing connection [3merror[0m[2m=[0mtier-service frame of 1251646 bytes exceeds the 1048576-byte cap
[2m2026-09-13T16:34:06.010115Z[0m [33m WARN[0m [2mnoetl_worker::ehdb::tier_service[0m[2m:[0m EHDB tier service: protocol error; closing connection [3merror[0m[2m=[0mtier-service frame of 1251646 bytes exceeds the 1048576-byte cap
[2m2026-09-13T16:34:06.535182Z[0m [33m WARN[0m [2mnoetl_worker::ehdb::tier_service[0m[2m:[0m EHDB tier service: protocol error; closing connection [3merror[0m[2m=[0mtier-service frame of 1251646 bytes exceeds the 1048576-byte cap
[2m2026-09-13T16:34:07.609460Z[0m [33m WARN[0m [2mnoetl_worker::ehdb::tier_service[0m[2m:[0m EHDB tier service: protocol error; closing connection [3merror[0m[2m=[0mtier-service frame of 1251646 bytes exceeds the 1048576-byte cap
[2m2026-09-13T16:34:09.633594Z[0m [33m WARN[0m [2mnoetl_worker::ehdb::tier_service[0m[2m:[0m EHDB tier service: protocol error; closing connection [3merror[0m[2m=[0mtier-service frame of 1251646 bytes exceeds the 1048576-byte cap
[2m2026-09-13T16:34:13.684520Z[0m [33m WARN[0m [2mnoetl_worker::ehdb::tier_service[0m[2m:[0m EHDB tier service: protocol error; closing connection [3merror[0m[2m=[0mtier-service frame of 1251646 bytes exceeds the 1048576-byte cap
[2m2026-09-13T16:34:21.714680Z[0m [33m WARN[0m [2mnoetl_worker::ehdb::tier_service[0m[2m:[0m EHDB tier service: protocol error; closing connection [3merror[0m[2m=[0mtier-service frame of 1251646 bytes exceeds the 1048576-byte cap
[2m2026-09-13T16:34:37.742140Z[0m [33m WARN[0m [2mnoetl_worker::ehdb::tier_service[0m[2m:[0m EHDB tier service: protocol error; closing connection [3merror[0m[2m=[0mtier-service frame of 1251646 bytes exceeds the 1048576-byte cap
[2m2026-09-13T16:35:09.798098Z[0m [33m WARN[0m [2mnoetl_worker::ehdb::tier_service[0m[2m:[0m EHDB tier service: protocol error; closing connection [3merror[0m[2m=[0mtier-service frame of 1251646 bytes exceeds the 1048576-byte cap
[2m2026-09-13T16:36:05.946814Z[0m [33m WARN[0m [2mnoetl_worker::ehdb::tier_service[0m[2m:[0m EHDB tier service: protocol error; closing connection [3merror[0m[2m=[0mtier-service frame of 1251646 bytes exceeds the 1048576-byte cap
[2m2026-09-13T16:36:06.469651Z[0m [33m WARN[0m [2mnoetl_worker::ehdb::tier_service[0m[2m:[0m EHDB tier service: protocol error; closing connection [3merror[0m[2m=[0mtier-service frame of 1251646 bytes exceeds the 1048576-byte cap
[2m2026-09-13T16:36:07.492829Z[0m [33m WARN[0m [2mnoetl_worker::ehdb::tier_service[0m[2m:[0m EHDB tier service: protocol error; closing connection [3merror[0m[2m=[0mtier-service frame of 1251646 bytes exceeds the 1048576-byte cap
[2m2026-09-13T16:36:09.553347Z[0m [33m WARN[0m [2mnoetl_worker::ehdb::tier_service[0m[2m:[0m EHDB tier service: protocol error; closing connection [3merror[0m[2m=[0mtier-service frame of 1251646 bytes exceeds the 1048576-byte cap
[2m2026-09-13T16:36:13.578569Z[0m [33m WARN[0m [2mnoetl_worker::ehdb::tier_service[0m[2m:[0m EHDB tier service: protocol error; closing connection [3merror[0m[2m=[0mtier-service frame of 1251646 bytes exceeds the 1048576-byte cap
[2m2026-09-13T16:36:21.604805Z[0m [33m WARN[0m [2mnoetl_worker::ehdb::tier_service[0m[2m:[0m EHDB tier service: protocol error; closing connection [3merror[0m[2m=[0mtier-service frame of 1251646 bytes exceeds the 1048576-byte cap
[2m2026-09-13T16:36:37.632146Z[0m [33m WARN[0m [2mnoetl_worker::ehdb::tier_service[0m[2m:[0m EHDB tier service: protocol error; closing connection [3merror[0m[2m=[0mtier-service frame of 1251646 bytes exceeds the 1048576-byte cap
[2m2026-09-13T16:37:09.809497Z[0m [33m WARN[0m [2mnoetl_worker::ehdb::tier_service[0m[2m:[0m EHDB tier service: protocol error; closing connection [3merror[0m[2m=[0mtier-service frame of 1251646 bytes exceeds the 1048576-byte cap
[2m2026-09-13T16:38:05.983451Z[0m [33m WARN[0m [2mnoetl_worker::ehdb::tier_service[0m[2m:[0m EHDB tier service: protocol error; closing connection [3merror[0m[2m=[0mtier-service frame of 1251646 bytes exceeds the 1048576-byte cap
[2m2026-09-13T16:38:06.511576Z[0m [33m WARN[0m [2mnoetl_worker::ehdb::tier_service[0m[2m:[0m EHDB tier service: protocol error; closing connection [3merror[0m[2m=[0mtier-service frame of 1251646 bytes exceeds the 1048576-byte cap
[2m2026-09-13T16:38:07.541511Z[0m [33m WARN[0m [2mnoetl_worker::ehdb::tier_service[0m[2m:[0m EHDB tier service: protocol error; closing connection [3merror[0m[2m=[0mtier-service frame of 1251646 bytes exceeds the 1048576-byte cap
[2m2026-09-13T16:38:09.604394Z[0m [33m WARN[0m [2mnoetl_worker::ehdb::tier_service[0m[2m:[0m EHDB tier service: protocol error; closing connection [3merror[0m[2m=[0mtier-service frame of 1251646 bytes exceeds the 1048576-byte cap
[2m2026-09-13T16:38:13.635732Z[0m [33m WARN[0m [2mnoetl_worker::ehdb::tier_service[0m[2m:[0m EHDB tier service: protocol error; closing connection [3merror[0m[2m=[0mtier-service frame of 1251646 bytes exceeds the 1048576-byte cap
[2m2026-09-13T16:38:21.694269Z[0m [33m WARN[0m [2mnoetl_worker::ehdb::tier_service[0m[2m:[0m EHDB tier service: protocol error; closing connection [3merror[0m[2m=[0mtier-service frame of 1251646 bytes exceeds the 1048576-byte cap
[2m2026-09-13T16:38:37.788922Z[0m [33m WARN[0m [2mnoetl_worker::ehdb::tier_service[0m[2m:[0m EHDB tier service: protocol error; closing connection [3merror[0m[2m=[0mtier-service frame of 1251646 bytes exceeds the 1048576-byte cap
[2m2026-09-13T16:39:09.845429Z[0m [33m WARN[0m [2mnoetl_worker::ehdb::tier_service[0m[2m:[0m EHDB tier service: protocol error; closing connection [3merror[0m[2m=[0mtier-service frame of 1251646 bytes exceeds the 1048576-byte cap
[2m2026-09-13T16:40:05.951612Z[0m [33m WARN[0m [2mnoetl_worker::ehdb::tier_service[0m[2m:[0m EHDB tier service: protocol error; closing connection [3merror[0m[2m=[0mtier-service frame of 1251646 bytes exceeds the 1048576-byte cap
[2m2026-09-13T16:40:06.474143Z[0m [33m WARN[0m [2mnoetl_worker::ehdb::tier_service[0m[2m:[0m EHDB tier service: protocol error; closing connection [3merror[0m[2m=[0mtier-service frame of 1251646 bytes exceeds the 1048576-byte cap
[2m2026-09-13T16:40:07.496919Z[0m [33m WARN[0m [2mnoetl_worker::ehdb::tier_service[0m[2m:[0m EHDB tier service: protocol error; closing connection [3merror[0m[2m=[0mtier-service frame of 1251646 bytes exceeds the 1048576-byte cap
[2m2026-09-13T16:40:09.521858Z[0m [33m WARN[0m [2mnoetl_worker::ehdb::tier_service[0m[2m:[0m EHDB tier service: protocol error; closing connection [3merror[0m[2m=[0mtier-service frame of 1251646 bytes exceeds the 1048576-byte cap
[2m2026-09-13T16:40:13.550144Z[0m [33m WARN[0m [2mnoetl_worker::ehdb::tier_service[0m[2m:[0m EHDB tier service: protocol error; closing connection [3merror[0m[2m=[0mtier-service frame of 1251646 bytes exceeds the 1048576-byte cap
[2m2026-09-13T16:40:21.575065Z[0m [33m WARN[0m [2mnoetl_worker::ehdb::tier_service[0m[2m:[0m EHDB tier service: protocol error; closing connection [3merror[0m[2m=[0mtier-service frame of 1251646 bytes exceeds the 1048576-byte cap
[2m2026-09-13T16:40:37.603675Z[0m [33m WARN[0m [2mnoetl_worker::ehdb::tier_service[0m[2m:[0m EHDB tier service: protocol error; closing connection [3merror[0m[2m=[0mtier-service frame of 1251646 bytes exceeds the 1048576-byte cap
[2m2026-09-13T16:41:09.740446Z[0m [33m WARN[0m [2mnoetl_worker::ehdb::tier_service[0m[2m:[0m EHDB tier service: protocol error; closing connection [3merror[0m[2m=[0mtier-service frame of 1251646 bytes exceeds the 1048576-byte cap
[2m2026-09-13T16:42:05.977733Z[0m [33m WARN[0m [2mnoetl_worker::ehdb::tier_service[0m[2m:[0m EHDB tier service: protocol error; closing connection [3merror[0m[2m=[0mtier-service frame of 1251646 bytes exceeds the 1048576-byte cap
[2m2026-09-13T16:42:06.503463Z[0m [33m WARN[0m [2mnoetl_worker::ehdb::tier_service[0m[2m:[0m EHDB tier service: protocol error; closing connection [3merror[0m[2m=[0mtier-service frame of 1251646 bytes exceeds the 1048576-byte cap
[2m2026-09-13T16:42:07.526767Z[0m [33m WARN[0m [2mnoetl_worker::ehdb::tier_service[0m[2m:[0m EHDB tier service: protocol error; closing connection [3merror[0m[2m=[0mtier-service frame of 1251646 bytes exceeds the 1048576-byte cap
[2m2026-09-13T16:42:09.574861Z[0m [33m WARN[0m [2mnoetl_worker::ehdb::tier_service[0m[2m:[0m EHDB tier service: protocol error; closing connection [3merror[0m[2m=[0mtier-service frame of 1251646 bytes exceeds the 1048576-byte cap
[2m2026-09-13T16:42:13.607571Z[0m [33m WARN[0m [2mnoetl_worker::ehdb::tier_service[0m[2m:[0m EHDB tier service: protocol error; closing connection [3merror[0m[2m=[0mtier-service frame of 1251646 bytes exceeds the 1048576-byte cap
[2m2026-09-13T16:42:21.639621Z[0m [33m WARN[0m [2mnoetl_worker::ehdb::tier_service[0m[2m:[0m EHDB tier service: protocol error; closing connection [3merror[0m[2m=[0mtier-service frame of 1251646 bytes exceeds the 1048576-byte cap
[2m2026-09-13T16:42:37.704255Z[0m [33m WARN[0m [2mnoetl_worker::ehdb::tier_service[0m[2m:[0m EHDB tier service: protocol error; closing connection [3merror[0m[2m=[0mtier-service frame of 1251646 bytes exceeds the 1048576-byte cap
[2m2026-09-13T16:43:09.826440Z[0m [33m WARN[0m [2mnoetl_worker::ehdb::tier_service[0m[2m:[0m EHDB tier service: protocol error; closing connection [3merror[0m[2m=[0mtier-service frame of 1251646 bytes exceeds the 1048576-byte cap
[2m2026-09-13T16:56:29.548569Z[0m [33m WARN[0m [2mnoetl_worker::worker[0m[2m:[0m Heartbeat failed [3merror[0m[2m=[0merror sending request for url (http://noetl-server-rust.noetl.svc.cluster.local:8082/api/worker/pool/heartbeat)
[2m2026-09-13T16:56:44.533084Z[0m [33m WARN[0m [2mnoetl_worker::worker[0m[2m:[0m Heartbeat failed [3merror[0m[2m=[0merror sending request for url (http://noetl-server-rust.noetl.svc.cluster.local:8082/api/worker/pool/heartbeat)
[2m2026-09-13T16:56:59.533007Z[0m [33m WARN[0m [2mnoetl_worker::worker[0m[2m:[0m Heartbeat failed [3merror[0m[2m=[0merror sending request for url (http://noetl-server-rust.noetl.svc.cluster.local:8082/api/worker/pool/heartbeat)
[2m2026-09-15T06:41:35.988149Z[0m [33m WARN[0m [2mnoetl_worker::ehdb::tier_service[0m[2m:[0m EHDB tier service: protocol error; closing connection [3merror[0m[2m=[0mtier-service frame of 1195725856 bytes exceeds the 1048576-byte cap
[2m2026-09-15T06:42:31.493593Z[0m [33m WARN[0m [2mnoetl_worker::ehdb::tier_service[0m[2m:[0m EHDB tier service: protocol error; closing connection [3merror[0m[2m=[0mtier-service frame of 1195725856 bytes exceeds the 1048576-byte cap
